
Memory Configuration

Name             Origin             Length             Attributes
ram              0x80000000         0x00500000         xrw
*default*        0x00000000         0xffffffff

Linker script and memory map

                0x00000000                __DYNAMIC=0x0
                0x00400000                PROVIDE (__stack, 0x400000)
                0x00000000                PROVIDE (hardware_init_hook, 0x0)
                0x00000000                PROVIDE (_hardware_init_hook, 0x0)
                0x00000000                PROVIDE (software_init_hook, 0x0)
                0x00000000                PROVIDE (_software_init_hook, 0x0)

.text           0x80000000     0xe7d0
 *(.text)
 .text          0x80000000     0x78e6 S2_NEC_MultiSync_BYUv1.o
                0x80005488                S2_NEC_MultiSync_BYUv1EventHandler00025
                0x80006bee                S2_NEC_MultiSync_BYUv1EventHandler0000D
                0x800061ca                S2_NEC_MultiSync_BYUv1_main
                0x80002be8                S2_NEC_MultiSync_BYUv1EventHandler00001
                0x8000729c                S2_NEC_MultiSync_BYUv1EventHandler00018
                0x80002762                S2_NEC_MultiSync_BYUv1EventHandler00000
                0x80007418                S2_NEC_MultiSync_BYUv1EventHandler0001A
                0x800058be                S2_NEC_MultiSync_BYUv1EventHandler00026
                0x800068f6                S2_NEC_MultiSync_BYUv1EventHandler00008
                0x800065e4                S2_NEC_MultiSync_BYUv1EventHandler00003
                0x8000606c                S2_NEC_MultiSync_BYUv1_EventHandler
                0x800032d0                S2_NEC_MultiSync_BYUv1EventHandler00009
                0x80007062                S2_NEC_MultiSync_BYUv1EventHandler00015
                0x80003718                S2_NEC_MultiSync_BYUv1EventHandler0000F
                0x80007710                S2_NEC_MultiSync_BYUv1EventHandler0001E
                0x80004c4e                S2_NEC_MultiSync_BYUv1EventHandler00022
                0x80006fa4                S2_NEC_MultiSync_BYUv1EventHandler00014
                0x80002fdc                S2_NEC_MultiSync_BYUv1EventHandler00005
                0x80003a3a                S2_NEC_MultiSync_BYUv1EventHandler00020
                0x800074d6                S2_NEC_MultiSync_BYUv1EventHandler0001B
                0x8000677a                S2_NEC_MultiSync_BYUv1EventHandler00006
                0x80006e28                S2_NEC_MultiSync_BYUv1EventHandler00012
                0x80007120                S2_NEC_MultiSync_BYUv1EventHandler00016
                0x800002ac                S2_NEC_MultiSync_BYUv1SENDWAIT
                0x80006b30                S2_NEC_MultiSync_BYUv1EventHandler0000C
                0x800069b4                S2_NEC_MultiSync_BYUv1EventHandler0000A
                0x800071de                S2_NEC_MultiSync_BYUv1EventHandler00017
                0x80006526                S2_NEC_MultiSync_BYUv1EventHandler00002
                0x80006838                S2_NEC_MultiSync_BYUv1EventHandler00007
                0x8000342c                S2_NEC_MultiSync_BYUv1EventHandler0000E
                0x80006cac                S2_NEC_MultiSync_BYUv1EventHandler00010
                0x80007594                S2_NEC_MultiSync_BYUv1EventHandler0001C
                0x80006a72                S2_NEC_MultiSync_BYUv1EventHandler0000B
                0x800077ce                S2_NEC_MultiSync_BYUv1EventHandler0001F
                0x8000735a                S2_NEC_MultiSync_BYUv1EventHandler00019
                0x80007652                S2_NEC_MultiSync_BYUv1EventHandler0001D
                0x80004f24                S2_NEC_MultiSync_BYUv1EventHandler00024
                0x800042ac                S2_NEC_MultiSync_BYUv1EventHandler00021
                0x8000788c                S2_NEC_MultiSync_BYUv1EventHandler00023
                0x80006ee6                S2_NEC_MultiSync_BYUv1EventHandler00013
                0x80006d6a                S2_NEC_MultiSync_BYUv1EventHandler00011
                0x800066a2                S2_NEC_MultiSync_BYUv1EventHandler00004
 *fill*         0x800078e6        0x2
 .text          0x800078e8     0x5836 library.o
                0x8000bad4                RotateRightLong
                0x8000c0e2                IsSystem
                0x8000ba38                Seed
                0x80009330                Remove
                0x8000b6b4                Ltoa
                0x8000b3e0                Atoi
                0x8000a748                InitRampInfoArray
                0x8000be8e                Right
                0x8000cebe                LockInputSema
                0x8000b962                Mod
                0x8000bb4a                Getc
                0x8000b896                SMuldiv
                0x8000c0c4                IsHidden
                0x8000b77a                Min
                0x8000ccd2                hextosi
                0x8000c268                WriteIntegerArray
                0x8000c7de                GetSignedIntArrayElementPtr
                0x8000b102                CheckStructArray
                0x8000cce6                hextosl
                0x8000c3ee                WriteSignedIntegerArray
                0x8000adca                InitStringParamArray
                0x8000a09c                ReadSignedLongIntegerArray
                0x80008fbe                GatherToDelimiter
                0x8000abee                InitStringArray
                0x8000b754                Max
                0x8000c11e                IsReadOnly
                0x8000b85e                SMax
                0x80009162                GatherByLength
                0x8000b5ee                Chr
                0x8000c240                ReadSignedLongInteger
                0x8000b66c                Itohex
                0x8000b074                GetStructArrayElement
                0x8000b368                UNS_SetByte
                0x8000be62                ReverseFindi
                0x8000a544                ReadStringArray
                0x8000c5ee                GetIntArrayElementPtr
                0x8000bc9e                Lower
                0x8000ba54                RotateLeft
                0x8000ce06                ResizeIfAutogrow
                0x8000a874                CheckInputArray
                0x80007e56                ResizeStringArray
                0x8000b580                Atosl
                0x8000b3a8                High
                0x8000ba04                Rnd
                0x8000b926                UMod
                0x8000baaa                RotateLeftLong
                0x8000cf32                FindNumericChar
                0x8000ca36                CheckIOArrayBounds2
                0x8000c07c                MakeProgramFilename
                0x8000b87a                SMin
                0x8000bbd2                Left
                0x8000bb14                CheckBufferThreshold
                0x8000c1f8                ReadSignedInteger
                0x8000b3d2                LowWord
                0x800078e8                Bit
                0x8000c1a8                ReadLongInteger
                0x8000b1e6                Byte
                0x8000c6e6                GetLongArrayElementPtr
                0x8000be34                ReverseFind
                0x8000c092                GetSeries
                0x8000cffe                InitTcpServer
                0x8000bc86                Len
                0x8000cb06                InitializeRampInfoInternal
                0x8000b7a0                Divide
                0x8000b4ec                Atol
                0x8000c088                GetModelNumber
                0x8000c9ce                CheckIOArrayBounds
                0x8000a8ce                CheckStringInputArray
                0x8000c4b0                WriteSignedLongIntegerArray
                0x8000afbe                GetStringArrayElement
                0x8000b6f8                Ltohex
                0x8000b624                Itoa
                0x8000ba7e                RotateRight
                0x8000961e                InternalReverseFind
                0x8000c188                WriteLongInteger
                0x8000aaf2                InitDynamicStringStruct
                0x8000a9e4                SetStringArray
                0x80009e7a                ReadSignedIntegerArray
                0x8000a928                SetOutputArray
                0x8000c138                WriteInteger
                0x8000af52                InitStructDynamicArray
                0x800098a8                SetString
                0x8000b99e                Random
                0x8000c1d0                WriteSignedInteger
                0x80007b4c                Find
                0x8000c09c                GetProgramNumber
                0x8000bd72                Mid
                0x8000cf70                InitTcpClient
                0x80008a3a                ResizeStructArray
                0x8000c8d6                GetSignedLongArrayElementPtr
                0x8000ccf8                hextol
                0x8000a2be                ReadString
                0x8000ac84                InitDynamicStringArray
                0x8000cdde                UpperChar
                0x8000b47c                Atosi
                0x8000c160                ReadInteger
                0x8000b812                Muldiv
                0x8000a996                SetStringOutputArray
                0x8000c574                WriteString
                0x800084ae                ResizeIntegerArray
                0x8000a83c                InitInOutArray
                0x8000ae92                InitNvramStringArray
                0x8000b73c                Abs
                0x8000b8e2                SDivide
                0x80009a38                ReadIntegerArray
                0x800079f8                CompareStrings
                0x8000cdb6                LowerChar
                0x8000d08e                InitUdpSocket
                0x8000bafc                ClearBuffer
                0x8000bf4a                Upper
                0x8000af2e                InitStructArray
                0x8000c020                MakeLower
                0x8000c100                IsVolume
                0x8000948a                RemoveByLength
                0x8000b17e                CheckStringOutputArrayIndex
                0x8000c32a                WriteLongIntegerArray
                0x8000cbb2                InitRampInfoStructArray
                0x8000b3c4                HighWord
                0x80007cc0                ResizeString
                0x8000c0a6                IsDirectory
                0x80009c58                ReadLongIntegerArray
                0x8000b3b6                Low
                0x80008e64                Gather
                0x8000c04e                MakeUpper
                0x8000aab4                InitStringStruct
                0x8000ca9e                CheckStringArrayBounds
                0x8000b7e4                CheckDenominator
                0x8000ccba                hextoi
                0x8000a3dc                WriteStringArray
                0x8000b2a6                SetByte
                0x8000cb5c                InitializeRampInfo
                0x8000cef8                UnLockInputSema
                0x8000c220                WriteSignedLongInteger
                0x8000aba6                InitNvramStringStruct
 *fill*         0x8000d11e        0x2
                0x8000d120                .=ALIGN(0x10)
 *(.eh_frame)
                0x8000d120                .=ALIGN(0x10)
 *(.gnu.linkonce.t.*)
                0x8000d120                .=ALIGN(0x4)
                0x8000d120                __CTOR_LIST__=.
                0x8000d120                ___CTOR_LIST__=.
                0x8000d120        0x4 LONG 0x0 (((__CTOR_END__-__CTOR_LIST__)/0x4)-0x2)
 *(.ctors)
                0x8000d124        0x4 LONG 0x0
                0x8000d128                __CTOR_END__=.
                0x8000d128                __DTOR_LIST__=.
                0x8000d128                ___DTOR_LIST__=.
                0x8000d128        0x4 LONG 0x0 (((__DTOR_END__-__DTOR_LIST__)/0x4)-0x2)
 *(.dtors)
                0x8000d12c        0x4 LONG 0x0
                0x8000d130                __DTOR_END__=.
 *(.rodata)
 .rodata        0x8000d130      0xa38 S2_NEC_MultiSync_BYUv1.o
 .rodata        0x8000db68      0xc54 library.o
 *(.gcc_except_table)
                0x8000e7bc                .=ALIGN(0x2)
                0x8000e7bc                __INIT_SECTION__=.
                0x8000e7bc        0x4 LONG 0x4e560000
 *(.init)
                0x8000e7c0        0x2 SHORT 0x4e5e
                0x8000e7c2        0x2 SHORT 0x4e75
                0x8000e7c4                __FINI_SECTION__=.
                0x8000e7c4        0x4 LONG 0x4e560000
 *(.fini)
                0x8000e7c8        0x2 SHORT 0x4e5e
                0x8000e7ca        0x2 SHORT 0x4e75
 *(.lit)
 *fill*         0x8000e7cc        0x4
                0x8000e7d0                .=ALIGN(0x10)
                0x8000e7d0                _etext=.
                0x8000e7d0                etext=.

.data           0x8000e7d0        0x0
                0x8000e7d0                copy_start=.
 *(.shdata)
 *(.data)
 *(.gnu.linkonce.d.*)
                0x8000e7d0                .=ALIGN(0x10)
                0x8000e7d0                _edata=.
                0x8000e7d0                copy_end=.

.got
 *(.got.plt)
 *(.got)

EntryList       0x8000e7d0      0x110
 *(EntryList)
 EntryList      0x8000e7d0      0x110 S2_NEC_MultiSync_BYUv1.o
                0x8000e7d0                S2_NEC_MultiSync_BYUv1_Entry
                0x8000e8e0                .=ALIGN(0x4)

FunctionList    0x8000e8e0        0x4
 *(FunctionList)
 FunctionList   0x8000e8e0        0x4 globals.o
                0x8000e8e0                g_pFunctions
                0x8000e8e4                .=ALIGN(0x4)

.bss            0x8000e8e4        0x0
                0x8000e8e4                .=ALIGN(0x4)
                0x8000e8e4                __bss_start=.
 *(.shbss)
 *(.bss)
 *(COMMON)
                0x8000e8e8                _end=ALIGN(0x8)
                0x8000e8e8                __end=_end

.stab
 *(.stab)

.stabstr
 *(.stabstr)

.debug
 *(.debug)

.line
 *(.line)

.debug_srcinfo
 *(.debug_srcinfo)

.debug_sfnames
 *(.debug_sfnames)

.debug_aranges
 *(.debug_aranges)

.debug_pubnames
 *(.debug_pubnames)

.debug_info
 *(.debug_info)

.debug_abbrev
 *(.debug_abbrev)

.debug_line
 *(.debug_line)

.debug_frame
 *(.debug_frame)

.debug_str
 *(.debug_str)

.debug_loc
 *(.debug_loc)

.debug_macinfo
 *(.debug_macinfo)

.debug_weaknames
 *(.debug_weaknames)

.debug_funcnames
 *(.debug_funcnames)

.debug_typenames
 *(.debug_typenames)

.debug_varnames
 *(.debug_varnames)
LOAD S2_NEC_MultiSync_BYUv1.o
LOAD globals.o
LOAD library.o
OUTPUT(S2_NEC_MultiSync_BYUv1.elf elf32-m68k)

.comment        0x8000e8e4       0x72
 .comment       0x8000e8e4       0x26 S2_NEC_MultiSync_BYUv1.o
 .comment       0x8000e90a       0x26 globals.o
 .comment       0x8000e930       0x26 library.o
