
Memory Configuration

Name             Origin             Length             Attributes
ram              0x80000000         0x00500000         xrw
*default*        0x00000000         0xffffffff

Linker script and memory map

                0x00000000                __DYNAMIC=0x0
                0x00400000                PROVIDE (__stack, 0x400000)
                0x00000000                PROVIDE (hardware_init_hook, 0x0)
                0x00000000                PROVIDE (_hardware_init_hook, 0x0)
                0x00000000                PROVIDE (software_init_hook, 0x0)
                0x00000000                PROVIDE (_software_init_hook, 0x0)

.text           0x80000000     0xe9e0
 *(.text)
 .text          0x80000000     0x7ad4 S2_NEC_MultiSync_BYUv1.o
                0x80005676                S2_NEC_MultiSync_BYUv1EventHandler00025
                0x80006ddc                S2_NEC_MultiSync_BYUv1EventHandler0000D
                0x800063b8                S2_NEC_MultiSync_BYUv1_main
                0x80002eec                S2_NEC_MultiSync_BYUv1EventHandler00001
                0x8000748a                S2_NEC_MultiSync_BYUv1EventHandler00018
                0x80002b82                S2_NEC_MultiSync_BYUv1EventHandler00000
                0x80007606                S2_NEC_MultiSync_BYUv1EventHandler0001A
                0x80005aac                S2_NEC_MultiSync_BYUv1EventHandler00026
                0x80006ae4                S2_NEC_MultiSync_BYUv1EventHandler00008
                0x800067d2                S2_NEC_MultiSync_BYUv1EventHandler00003
                0x8000625a                S2_NEC_MultiSync_BYUv1_EventHandler
                0x800034be                S2_NEC_MultiSync_BYUv1EventHandler00009
                0x80007250                S2_NEC_MultiSync_BYUv1EventHandler00015
                0x80003906                S2_NEC_MultiSync_BYUv1EventHandler0000F
                0x800078fe                S2_NEC_MultiSync_BYUv1EventHandler0001E
                0x80004e3c                S2_NEC_MultiSync_BYUv1EventHandler00022
                0x80007192                S2_NEC_MultiSync_BYUv1EventHandler00014
                0x800031ca                S2_NEC_MultiSync_BYUv1EventHandler00005
                0x80003c28                S2_NEC_MultiSync_BYUv1EventHandler00020
                0x800076c4                S2_NEC_MultiSync_BYUv1EventHandler0001B
                0x80006968                S2_NEC_MultiSync_BYUv1EventHandler00006
                0x80007016                S2_NEC_MultiSync_BYUv1EventHandler00012
                0x8000730e                S2_NEC_MultiSync_BYUv1EventHandler00016
                0x800002ac                S2_NEC_MultiSync_BYUv1SENDWAIT
                0x80006d1e                S2_NEC_MultiSync_BYUv1EventHandler0000C
                0x80006ba2                S2_NEC_MultiSync_BYUv1EventHandler0000A
                0x800073cc                S2_NEC_MultiSync_BYUv1EventHandler00017
                0x80006714                S2_NEC_MultiSync_BYUv1EventHandler00002
                0x80006a26                S2_NEC_MultiSync_BYUv1EventHandler00007
                0x8000361a                S2_NEC_MultiSync_BYUv1EventHandler0000E
                0x80006e9a                S2_NEC_MultiSync_BYUv1EventHandler00010
                0x80007782                S2_NEC_MultiSync_BYUv1EventHandler0001C
                0x80006c60                S2_NEC_MultiSync_BYUv1EventHandler0000B
                0x800079bc                S2_NEC_MultiSync_BYUv1EventHandler0001F
                0x80007548                S2_NEC_MultiSync_BYUv1EventHandler00019
                0x80007840                S2_NEC_MultiSync_BYUv1EventHandler0001D
                0x80005112                S2_NEC_MultiSync_BYUv1EventHandler00024
                0x8000449a                S2_NEC_MultiSync_BYUv1EventHandler00021
                0x80007a7a                S2_NEC_MultiSync_BYUv1EventHandler00023
                0x800070d4                S2_NEC_MultiSync_BYUv1EventHandler00013
                0x80006f58                S2_NEC_MultiSync_BYUv1EventHandler00011
                0x80006890                S2_NEC_MultiSync_BYUv1EventHandler00004
 .text          0x80007ad4     0x5836 library.o
                0x8000bcc0                RotateRightLong
                0x8000c2ce                IsSystem
                0x8000bc24                Seed
                0x8000951c                Remove
                0x8000b8a0                Ltoa
                0x8000b5cc                Atoi
                0x8000a934                InitRampInfoArray
                0x8000c07a                Right
                0x8000d0aa                LockInputSema
                0x8000bb4e                Mod
                0x8000bd36                Getc
                0x8000ba82                SMuldiv
                0x8000c2b0                IsHidden
                0x8000b966                Min
                0x8000cebe                hextosi
                0x8000c454                WriteIntegerArray
                0x8000c9ca                GetSignedIntArrayElementPtr
                0x8000b2ee                CheckStructArray
                0x8000ced2                hextosl
                0x8000c5da                WriteSignedIntegerArray
                0x8000afb6                InitStringParamArray
                0x8000a288                ReadSignedLongIntegerArray
                0x800091aa                GatherToDelimiter
                0x8000adda                InitStringArray
                0x8000b940                Max
                0x8000c30a                IsReadOnly
                0x8000ba4a                SMax
                0x8000934e                GatherByLength
                0x8000b7da                Chr
                0x8000c42c                ReadSignedLongInteger
                0x8000b858                Itohex
                0x8000b260                GetStructArrayElement
                0x8000b554                UNS_SetByte
                0x8000c04e                ReverseFindi
                0x8000a730                ReadStringArray
                0x8000c7da                GetIntArrayElementPtr
                0x8000be8a                Lower
                0x8000bc40                RotateLeft
                0x8000cff2                ResizeIfAutogrow
                0x8000aa60                CheckInputArray
                0x80008042                ResizeStringArray
                0x8000b76c                Atosl
                0x8000b594                High
                0x8000bbf0                Rnd
                0x8000bb12                UMod
                0x8000bc96                RotateLeftLong
                0x8000d11e                FindNumericChar
                0x8000cc22                CheckIOArrayBounds2
                0x8000c268                MakeProgramFilename
                0x8000ba66                SMin
                0x8000bdbe                Left
                0x8000bd00                CheckBufferThreshold
                0x8000c3e4                ReadSignedInteger
                0x8000b5be                LowWord
                0x80007ad4                Bit
                0x8000c394                ReadLongInteger
                0x8000b3d2                Byte
                0x8000c8d2                GetLongArrayElementPtr
                0x8000c020                ReverseFind
                0x8000c27e                GetSeries
                0x8000d1ea                InitTcpServer
                0x8000be72                Len
                0x8000ccf2                InitializeRampInfoInternal
                0x8000b98c                Divide
                0x8000b6d8                Atol
                0x8000c274                GetModelNumber
                0x8000cbba                CheckIOArrayBounds
                0x8000aaba                CheckStringInputArray
                0x8000c69c                WriteSignedLongIntegerArray
                0x8000b1aa                GetStringArrayElement
                0x8000b8e4                Ltohex
                0x8000b810                Itoa
                0x8000bc6a                RotateRight
                0x8000980a                InternalReverseFind
                0x8000c374                WriteLongInteger
                0x8000acde                InitDynamicStringStruct
                0x8000abd0                SetStringArray
                0x8000a066                ReadSignedIntegerArray
                0x8000ab14                SetOutputArray
                0x8000c324                WriteInteger
                0x8000b13e                InitStructDynamicArray
                0x80009a94                SetString
                0x8000bb8a                Random
                0x8000c3bc                WriteSignedInteger
                0x80007d38                Find
                0x8000c288                GetProgramNumber
                0x8000bf5e                Mid
                0x8000d15c                InitTcpClient
                0x80008c26                ResizeStructArray
                0x8000cac2                GetSignedLongArrayElementPtr
                0x8000cee4                hextol
                0x8000a4aa                ReadString
                0x8000ae70                InitDynamicStringArray
                0x8000cfca                UpperChar
                0x8000b668                Atosi
                0x8000c34c                ReadInteger
                0x8000b9fe                Muldiv
                0x8000ab82                SetStringOutputArray
                0x8000c760                WriteString
                0x8000869a                ResizeIntegerArray
                0x8000aa28                InitInOutArray
                0x8000b07e                InitNvramStringArray
                0x8000b928                Abs
                0x8000bace                SDivide
                0x80009c24                ReadIntegerArray
                0x80007be4                CompareStrings
                0x8000cfa2                LowerChar
                0x8000d27a                InitUdpSocket
                0x8000bce8                ClearBuffer
                0x8000c136                Upper
                0x8000b11a                InitStructArray
                0x8000c20c                MakeLower
                0x8000c2ec                IsVolume
                0x80009676                RemoveByLength
                0x8000b36a                CheckStringOutputArrayIndex
                0x8000c516                WriteLongIntegerArray
                0x8000cd9e                InitRampInfoStructArray
                0x8000b5b0                HighWord
                0x80007eac                ResizeString
                0x8000c292                IsDirectory
                0x80009e44                ReadLongIntegerArray
                0x8000b5a2                Low
                0x80009050                Gather
                0x8000c23a                MakeUpper
                0x8000aca0                InitStringStruct
                0x8000cc8a                CheckStringArrayBounds
                0x8000b9d0                CheckDenominator
                0x8000cea6                hextoi
                0x8000a5c8                WriteStringArray
                0x8000b492                SetByte
                0x8000cd48                InitializeRampInfo
                0x8000d0e4                UnLockInputSema
                0x8000c40c                WriteSignedLongInteger
                0x8000ad92                InitNvramStringStruct
 *fill*         0x8000d30a        0x6
                0x8000d310                .=ALIGN(0x10)
 *(.eh_frame)
                0x8000d310                .=ALIGN(0x10)
 *(.gnu.linkonce.t.*)
                0x8000d310                .=ALIGN(0x4)
                0x8000d310                __CTOR_LIST__=.
                0x8000d310                ___CTOR_LIST__=.
                0x8000d310        0x4 LONG 0x0 (((__CTOR_END__-__CTOR_LIST__)/0x4)-0x2)
 *(.ctors)
                0x8000d314        0x4 LONG 0x0
                0x8000d318                __CTOR_END__=.
                0x8000d318                __DTOR_LIST__=.
                0x8000d318                ___DTOR_LIST__=.
                0x8000d318        0x4 LONG 0x0 (((__DTOR_END__-__DTOR_LIST__)/0x4)-0x2)
 *(.dtors)
                0x8000d31c        0x4 LONG 0x0
                0x8000d320                __DTOR_END__=.
 *(.rodata)
 .rodata        0x8000d320      0xa5c S2_NEC_MultiSync_BYUv1.o
 .rodata        0x8000dd7c      0xc54 library.o
 *(.gcc_except_table)
                0x8000e9d0                .=ALIGN(0x2)
                0x8000e9d0                __INIT_SECTION__=.
                0x8000e9d0        0x4 LONG 0x4e560000
 *(.init)
                0x8000e9d4        0x2 SHORT 0x4e5e
                0x8000e9d6        0x2 SHORT 0x4e75
                0x8000e9d8                __FINI_SECTION__=.
                0x8000e9d8        0x4 LONG 0x4e560000
 *(.fini)
                0x8000e9dc        0x2 SHORT 0x4e5e
                0x8000e9de        0x2 SHORT 0x4e75
 *(.lit)
                0x8000e9e0                .=ALIGN(0x10)
                0x8000e9e0                _etext=.
                0x8000e9e0                etext=.

.data           0x8000e9e0        0x0
                0x8000e9e0                copy_start=.
 *(.shdata)
 *(.data)
 *(.gnu.linkonce.d.*)
                0x8000e9e0                .=ALIGN(0x10)
                0x8000e9e0                _edata=.
                0x8000e9e0                copy_end=.

.got
 *(.got.plt)
 *(.got)

EntryList       0x8000e9e0      0x110
 *(EntryList)
 EntryList      0x8000e9e0      0x110 S2_NEC_MultiSync_BYUv1.o
                0x8000e9e0                S2_NEC_MultiSync_BYUv1_Entry
                0x8000eaf0                .=ALIGN(0x4)

FunctionList    0x8000eaf0        0x4
 *(FunctionList)
 FunctionList   0x8000eaf0        0x4 globals.o
                0x8000eaf0                g_pFunctions
                0x8000eaf4                .=ALIGN(0x4)

.bss            0x8000eaf4        0x0
                0x8000eaf4                .=ALIGN(0x4)
                0x8000eaf4                __bss_start=.
 *(.shbss)
 *(.bss)
 *(COMMON)
                0x8000eaf8                _end=ALIGN(0x8)
                0x8000eaf8                __end=_end

.stab
 *(.stab)

.stabstr
 *(.stabstr)

.debug
 *(.debug)

.line
 *(.line)

.debug_srcinfo
 *(.debug_srcinfo)

.debug_sfnames
 *(.debug_sfnames)

.debug_aranges
 *(.debug_aranges)

.debug_pubnames
 *(.debug_pubnames)

.debug_info
 *(.debug_info)

.debug_abbrev
 *(.debug_abbrev)

.debug_line
 *(.debug_line)

.debug_frame
 *(.debug_frame)

.debug_str
 *(.debug_str)

.debug_loc
 *(.debug_loc)

.debug_macinfo
 *(.debug_macinfo)

.debug_weaknames
 *(.debug_weaknames)

.debug_funcnames
 *(.debug_funcnames)

.debug_typenames
 *(.debug_typenames)

.debug_varnames
 *(.debug_varnames)
LOAD S2_NEC_MultiSync_BYUv1.o
LOAD globals.o
LOAD library.o
OUTPUT(S2_NEC_MultiSync_BYUv1.elf elf32-m68k)

.comment        0x8000eaf4       0x72
 .comment       0x8000eaf4       0x26 S2_NEC_MultiSync_BYUv1.o
 .comment       0x8000eb1a       0x26 globals.o
 .comment       0x8000eb40       0x26 library.o
