
Memory Configuration

Name             Origin             Length             Attributes
ram              0x80000000         0x00500000         xrw
*default*        0x00000000         0xffffffff

Linker script and memory map

                0x00000000                __DYNAMIC=0x0
                0x00400000                PROVIDE (__stack, 0x400000)
                0x00000000                PROVIDE (hardware_init_hook, 0x0)
                0x00000000                PROVIDE (_hardware_init_hook, 0x0)
                0x00000000                PROVIDE (software_init_hook, 0x0)
                0x00000000                PROVIDE (_software_init_hook, 0x0)

.text           0x80000000     0xf4a0
 *(.text)
 .text          0x80000000     0x848a S2_NEC_MultiSync_BYUv1.o
                0x8000557a                S2_NEC_MultiSync_BYUv1EventHandler00025
                0x80007792                S2_NEC_MultiSync_BYUv1EventHandler0000D
                0x80006892                S2_NEC_MultiSync_BYUv1_main
                0x8000331e                S2_NEC_MultiSync_BYUv1EventHandler00001
                0x80007e40                S2_NEC_MultiSync_BYUv1EventHandler00018
                0x80002fb4                S2_NEC_MultiSync_BYUv1EventHandler00000
                0x80007fbc                S2_NEC_MultiSync_BYUv1EventHandler0001A
                0x80005ade                S2_NEC_MultiSync_BYUv1EventHandler00026
                0x80007374                S2_NEC_MultiSync_BYUv1EventHandler00008
                0x80007062                S2_NEC_MultiSync_BYUv1EventHandler00003
                0x80006734                S2_NEC_MultiSync_BYUv1_EventHandler
                0x80007466                S2_NEC_MultiSync_BYUv1EventHandler00009
                0x80006c0e                S2_NEC_MultiSync_BYUv1SENDWAIT1
                0x80007c06                S2_NEC_MultiSync_BYUv1EventHandler00015
                0x80003bdc                S2_NEC_MultiSync_BYUv1EventHandler0000F
                0x800082b4                S2_NEC_MultiSync_BYUv1EventHandler0001E
                0x80004902                S2_NEC_MultiSync_BYUv1EventHandler00022
                0x80006e40                S2_NEC_MultiSync_BYUv1__SPLS_TMPVAR__WAITLABEL_1__
                0x80007b48                S2_NEC_MultiSync_BYUv1EventHandler00014
                0x800035fc                S2_NEC_MultiSync_BYUv1EventHandler00005
                0x80003efe                S2_NEC_MultiSync_BYUv1EventHandler00020
                0x8000807a                S2_NEC_MultiSync_BYUv1EventHandler0001B
                0x800071f8                S2_NEC_MultiSync_BYUv1EventHandler00006
                0x800079cc                S2_NEC_MultiSync_BYUv1EventHandler00012
                0x80007cc4                S2_NEC_MultiSync_BYUv1EventHandler00016
                0x80005f14                S2_NEC_MultiSync_BYUv1EventHandler00027
                0x800076d4                S2_NEC_MultiSync_BYUv1EventHandler0000C
                0x80007558                S2_NEC_MultiSync_BYUv1EventHandler0000A
                0x80007d82                S2_NEC_MultiSync_BYUv1EventHandler00017
                0x80006fa4                S2_NEC_MultiSync_BYUv1EventHandler00002
                0x800072b6                S2_NEC_MultiSync_BYUv1EventHandler00007
                0x800038f0                S2_NEC_MultiSync_BYUv1EventHandler0000E
                0x80007850                S2_NEC_MultiSync_BYUv1EventHandler00010
                0x80006d8e                S2_NEC_MultiSync_BYUv1__SPLS_TMPVAR__WAITLABEL_0__
                0x80008138                S2_NEC_MultiSync_BYUv1EventHandler0001C
                0x80007616                S2_NEC_MultiSync_BYUv1EventHandler0000B
                0x80006cce                S2_NEC_MultiSync_BYUv1SENDWAIT2
                0x80008372                S2_NEC_MultiSync_BYUv1EventHandler0001F
                0x80007efe                S2_NEC_MultiSync_BYUv1EventHandler00019
                0x800081f6                S2_NEC_MultiSync_BYUv1EventHandler0001D
                0x80008430                S2_NEC_MultiSync_BYUv1EventHandler00024
                0x80004770                S2_NEC_MultiSync_BYUv1EventHandler00021
                0x800052a4                S2_NEC_MultiSync_BYUv1EventHandler00023
                0x80007a8a                S2_NEC_MultiSync_BYUv1EventHandler00013
                0x8000790e                S2_NEC_MultiSync_BYUv1EventHandler00011
                0x80000476                S2_NEC_MultiSync_BYUv1SENDWAIT3
                0x80006ef2                S2_NEC_MultiSync_BYUv1__SPLS_TMPVAR__WAITLABEL_2__
                0x80007120                S2_NEC_MultiSync_BYUv1EventHandler00004
 *fill*         0x8000848a        0x2
 .text          0x8000848c     0x5836 library.o
                0x8000c678                RotateRightLong
                0x8000cc86                IsSystem
                0x8000c5dc                Seed
                0x80009ed4                Remove
                0x8000c258                Ltoa
                0x8000bf84                Atoi
                0x8000b2ec                InitRampInfoArray
                0x8000ca32                Right
                0x8000da62                LockInputSema
                0x8000c506                Mod
                0x8000c6ee                Getc
                0x8000c43a                SMuldiv
                0x8000cc68                IsHidden
                0x8000c31e                Min
                0x8000d876                hextosi
                0x8000ce0c                WriteIntegerArray
                0x8000d382                GetSignedIntArrayElementPtr
                0x8000bca6                CheckStructArray
                0x8000d88a                hextosl
                0x8000cf92                WriteSignedIntegerArray
                0x8000b96e                InitStringParamArray
                0x8000ac40                ReadSignedLongIntegerArray
                0x80009b62                GatherToDelimiter
                0x8000b792                InitStringArray
                0x8000c2f8                Max
                0x8000ccc2                IsReadOnly
                0x8000c402                SMax
                0x80009d06                GatherByLength
                0x8000c192                Chr
                0x8000cde4                ReadSignedLongInteger
                0x8000c210                Itohex
                0x8000bc18                GetStructArrayElement
                0x8000bf0c                UNS_SetByte
                0x8000ca06                ReverseFindi
                0x8000b0e8                ReadStringArray
                0x8000d192                GetIntArrayElementPtr
                0x8000c842                Lower
                0x8000c5f8                RotateLeft
                0x8000d9aa                ResizeIfAutogrow
                0x8000b418                CheckInputArray
                0x800089fa                ResizeStringArray
                0x8000c124                Atosl
                0x8000bf4c                High
                0x8000c5a8                Rnd
                0x8000c4ca                UMod
                0x8000c64e                RotateLeftLong
                0x8000dad6                FindNumericChar
                0x8000d5da                CheckIOArrayBounds2
                0x8000cc20                MakeProgramFilename
                0x8000c41e                SMin
                0x8000c776                Left
                0x8000c6b8                CheckBufferThreshold
                0x8000cd9c                ReadSignedInteger
                0x8000bf76                LowWord
                0x8000848c                Bit
                0x8000cd4c                ReadLongInteger
                0x8000bd8a                Byte
                0x8000d28a                GetLongArrayElementPtr
                0x8000c9d8                ReverseFind
                0x8000cc36                GetSeries
                0x8000dba2                InitTcpServer
                0x8000c82a                Len
                0x8000d6aa                InitializeRampInfoInternal
                0x8000c344                Divide
                0x8000c090                Atol
                0x8000cc2c                GetModelNumber
                0x8000d572                CheckIOArrayBounds
                0x8000b472                CheckStringInputArray
                0x8000d054                WriteSignedLongIntegerArray
                0x8000bb62                GetStringArrayElement
                0x8000c29c                Ltohex
                0x8000c1c8                Itoa
                0x8000c622                RotateRight
                0x8000a1c2                InternalReverseFind
                0x8000cd2c                WriteLongInteger
                0x8000b696                InitDynamicStringStruct
                0x8000b588                SetStringArray
                0x8000aa1e                ReadSignedIntegerArray
                0x8000b4cc                SetOutputArray
                0x8000ccdc                WriteInteger
                0x8000baf6                InitStructDynamicArray
                0x8000a44c                SetString
                0x8000c542                Random
                0x8000cd74                WriteSignedInteger
                0x800086f0                Find
                0x8000cc40                GetProgramNumber
                0x8000c916                Mid
                0x8000db14                InitTcpClient
                0x800095de                ResizeStructArray
                0x8000d47a                GetSignedLongArrayElementPtr
                0x8000d89c                hextol
                0x8000ae62                ReadString
                0x8000b828                InitDynamicStringArray
                0x8000d982                UpperChar
                0x8000c020                Atosi
                0x8000cd04                ReadInteger
                0x8000c3b6                Muldiv
                0x8000b53a                SetStringOutputArray
                0x8000d118                WriteString
                0x80009052                ResizeIntegerArray
                0x8000b3e0                InitInOutArray
                0x8000ba36                InitNvramStringArray
                0x8000c2e0                Abs
                0x8000c486                SDivide
                0x8000a5dc                ReadIntegerArray
                0x8000859c                CompareStrings
                0x8000d95a                LowerChar
                0x8000dc32                InitUdpSocket
                0x8000c6a0                ClearBuffer
                0x8000caee                Upper
                0x8000bad2                InitStructArray
                0x8000cbc4                MakeLower
                0x8000cca4                IsVolume
                0x8000a02e                RemoveByLength
                0x8000bd22                CheckStringOutputArrayIndex
                0x8000cece                WriteLongIntegerArray
                0x8000d756                InitRampInfoStructArray
                0x8000bf68                HighWord
                0x80008864                ResizeString
                0x8000cc4a                IsDirectory
                0x8000a7fc                ReadLongIntegerArray
                0x8000bf5a                Low
                0x80009a08                Gather
                0x8000cbf2                MakeUpper
                0x8000b658                InitStringStruct
                0x8000d642                CheckStringArrayBounds
                0x8000c388                CheckDenominator
                0x8000d85e                hextoi
                0x8000af80                WriteStringArray
                0x8000be4a                SetByte
                0x8000d700                InitializeRampInfo
                0x8000da9c                UnLockInputSema
                0x8000cdc4                WriteSignedLongInteger
                0x8000b74a                InitNvramStringStruct
 *fill*         0x8000dcc2        0xe
                0x8000dcd0                .=ALIGN(0x10)
 *(.eh_frame)
                0x8000dcd0                .=ALIGN(0x10)
 *(.gnu.linkonce.t.*)
                0x8000dcd0                .=ALIGN(0x4)
                0x8000dcd0                __CTOR_LIST__=.
                0x8000dcd0                ___CTOR_LIST__=.
                0x8000dcd0        0x4 LONG 0x0 (((__CTOR_END__-__CTOR_LIST__)/0x4)-0x2)
 *(.ctors)
                0x8000dcd4        0x4 LONG 0x0
                0x8000dcd8                __CTOR_END__=.
                0x8000dcd8                __DTOR_LIST__=.
                0x8000dcd8                ___DTOR_LIST__=.
                0x8000dcd8        0x4 LONG 0x0 (((__DTOR_END__-__DTOR_LIST__)/0x4)-0x2)
 *(.dtors)
                0x8000dcdc        0x4 LONG 0x0
                0x8000dce0                __DTOR_END__=.
 *(.rodata)
 .rodata        0x8000dce0      0xb57 S2_NEC_MultiSync_BYUv1.o
 .rodata        0x8000e837      0xc54 library.o
 *(.gcc_except_table)
 *fill*         0x8000f48b        0x1
                0x8000f48c                .=ALIGN(0x2)
                0x8000f48c                __INIT_SECTION__=.
                0x8000f48c        0x4 LONG 0x4e560000
 *(.init)
                0x8000f490        0x2 SHORT 0x4e5e
                0x8000f492        0x2 SHORT 0x4e75
                0x8000f494                __FINI_SECTION__=.
                0x8000f494        0x4 LONG 0x4e560000
 *(.fini)
                0x8000f498        0x2 SHORT 0x4e5e
                0x8000f49a        0x2 SHORT 0x4e75
 *(.lit)
 *fill*         0x8000f49c        0x4
                0x8000f4a0                .=ALIGN(0x10)
                0x8000f4a0                _etext=.
                0x8000f4a0                etext=.

.data           0x8000f4a0        0x0
                0x8000f4a0                copy_start=.
 *(.shdata)
 *(.data)
 *(.gnu.linkonce.d.*)
                0x8000f4a0                .=ALIGN(0x10)
                0x8000f4a0                _edata=.
                0x8000f4a0                copy_end=.

.got
 *(.got.plt)
 *(.got)

EntryList       0x8000f4a0      0x110
 *(EntryList)
 EntryList      0x8000f4a0      0x110 S2_NEC_MultiSync_BYUv1.o
                0x8000f4a0                S2_NEC_MultiSync_BYUv1_Entry
                0x8000f5b0                .=ALIGN(0x4)

FunctionList    0x8000f5b0        0x4
 *(FunctionList)
 FunctionList   0x8000f5b0        0x4 globals.o
                0x8000f5b0                g_pFunctions
                0x8000f5b4                .=ALIGN(0x4)

.bss            0x8000f5b4        0x0
                0x8000f5b4                .=ALIGN(0x4)
                0x8000f5b4                __bss_start=.
 *(.shbss)
 *(.bss)
 *(COMMON)
                0x8000f5b8                _end=ALIGN(0x8)
                0x8000f5b8                __end=_end

.stab
 *(.stab)

.stabstr
 *(.stabstr)

.debug
 *(.debug)

.line
 *(.line)

.debug_srcinfo
 *(.debug_srcinfo)

.debug_sfnames
 *(.debug_sfnames)

.debug_aranges
 *(.debug_aranges)

.debug_pubnames
 *(.debug_pubnames)

.debug_info
 *(.debug_info)

.debug_abbrev
 *(.debug_abbrev)

.debug_line
 *(.debug_line)

.debug_frame
 *(.debug_frame)

.debug_str
 *(.debug_str)

.debug_loc
 *(.debug_loc)

.debug_macinfo
 *(.debug_macinfo)

.debug_weaknames
 *(.debug_weaknames)

.debug_funcnames
 *(.debug_funcnames)

.debug_typenames
 *(.debug_typenames)

.debug_varnames
 *(.debug_varnames)
LOAD S2_NEC_MultiSync_BYUv1.o
LOAD globals.o
LOAD library.o
OUTPUT(S2_NEC_MultiSync_BYUv1.elf elf32-m68k)

.comment        0x8000f5b4       0x72
 .comment       0x8000f5b4       0x26 S2_NEC_MultiSync_BYUv1.o
 .comment       0x8000f5da       0x26 globals.o
 .comment       0x8000f600       0x26 library.o
