
Memory Configuration

Name             Origin             Length             Attributes
ram              0x80000000         0x00500000         xrw
*default*        0x00000000         0xffffffff

Linker script and memory map

                0x00000000                __DYNAMIC=0x0
                0x00400000                PROVIDE (__stack, 0x400000)
                0x00000000                PROVIDE (hardware_init_hook, 0x0)
                0x00000000                PROVIDE (_hardware_init_hook, 0x0)
                0x00000000                PROVIDE (software_init_hook, 0x0)
                0x00000000                PROVIDE (_software_init_hook, 0x0)

.text           0x80000000     0xe630
 *(.text)
 .text          0x80000000     0x7792 S2_NEC_MultiSync_BYUv1.o
                0x80005334                S2_NEC_MultiSync_BYUv1EventHandler00025
                0x80006a9a                S2_NEC_MultiSync_BYUv1EventHandler0000D
                0x80006076                S2_NEC_MultiSync_BYUv1_main
                0x80002b1e                S2_NEC_MultiSync_BYUv1EventHandler00001
                0x80007148                S2_NEC_MultiSync_BYUv1EventHandler00018
                0x8000272a                S2_NEC_MultiSync_BYUv1EventHandler00000
                0x800072c4                S2_NEC_MultiSync_BYUv1EventHandler0001A
                0x8000576a                S2_NEC_MultiSync_BYUv1EventHandler00026
                0x800067a2                S2_NEC_MultiSync_BYUv1EventHandler00008
                0x80006490                S2_NEC_MultiSync_BYUv1EventHandler00003
                0x80005f18                S2_NEC_MultiSync_BYUv1_EventHandler
                0x8000317c                S2_NEC_MultiSync_BYUv1EventHandler00009
                0x80006f0e                S2_NEC_MultiSync_BYUv1EventHandler00015
                0x800035c4                S2_NEC_MultiSync_BYUv1EventHandler0000F
                0x800075bc                S2_NEC_MultiSync_BYUv1EventHandler0001E
                0x80004afa                S2_NEC_MultiSync_BYUv1EventHandler00022
                0x80006e50                S2_NEC_MultiSync_BYUv1EventHandler00014
                0x80002e88                S2_NEC_MultiSync_BYUv1EventHandler00005
                0x800038e6                S2_NEC_MultiSync_BYUv1EventHandler00020
                0x80007382                S2_NEC_MultiSync_BYUv1EventHandler0001B
                0x80006626                S2_NEC_MultiSync_BYUv1EventHandler00006
                0x80006cd4                S2_NEC_MultiSync_BYUv1EventHandler00012
                0x80006fcc                S2_NEC_MultiSync_BYUv1EventHandler00016
                0x800002ac                S2_NEC_MultiSync_BYUv1SENDWAIT
                0x800069dc                S2_NEC_MultiSync_BYUv1EventHandler0000C
                0x80006860                S2_NEC_MultiSync_BYUv1EventHandler0000A
                0x8000708a                S2_NEC_MultiSync_BYUv1EventHandler00017
                0x800063d2                S2_NEC_MultiSync_BYUv1EventHandler00002
                0x800066e4                S2_NEC_MultiSync_BYUv1EventHandler00007
                0x800032d8                S2_NEC_MultiSync_BYUv1EventHandler0000E
                0x80006b58                S2_NEC_MultiSync_BYUv1EventHandler00010
                0x80007440                S2_NEC_MultiSync_BYUv1EventHandler0001C
                0x8000691e                S2_NEC_MultiSync_BYUv1EventHandler0000B
                0x8000767a                S2_NEC_MultiSync_BYUv1EventHandler0001F
                0x80007206                S2_NEC_MultiSync_BYUv1EventHandler00019
                0x800074fe                S2_NEC_MultiSync_BYUv1EventHandler0001D
                0x80004dd0                S2_NEC_MultiSync_BYUv1EventHandler00024
                0x80004158                S2_NEC_MultiSync_BYUv1EventHandler00021
                0x80007738                S2_NEC_MultiSync_BYUv1EventHandler00023
                0x80006d92                S2_NEC_MultiSync_BYUv1EventHandler00013
                0x80006c16                S2_NEC_MultiSync_BYUv1EventHandler00011
                0x8000654e                S2_NEC_MultiSync_BYUv1EventHandler00004
 *fill*         0x80007792        0x2
 .text          0x80007794     0x5836 library.o
                0x8000b980                RotateRightLong
                0x8000bf8e                IsSystem
                0x8000b8e4                Seed
                0x800091dc                Remove
                0x8000b560                Ltoa
                0x8000b28c                Atoi
                0x8000a5f4                InitRampInfoArray
                0x8000bd3a                Right
                0x8000cd6a                LockInputSema
                0x8000b80e                Mod
                0x8000b9f6                Getc
                0x8000b742                SMuldiv
                0x8000bf70                IsHidden
                0x8000b626                Min
                0x8000cb7e                hextosi
                0x8000c114                WriteIntegerArray
                0x8000c68a                GetSignedIntArrayElementPtr
                0x8000afae                CheckStructArray
                0x8000cb92                hextosl
                0x8000c29a                WriteSignedIntegerArray
                0x8000ac76                InitStringParamArray
                0x80009f48                ReadSignedLongIntegerArray
                0x80008e6a                GatherToDelimiter
                0x8000aa9a                InitStringArray
                0x8000b600                Max
                0x8000bfca                IsReadOnly
                0x8000b70a                SMax
                0x8000900e                GatherByLength
                0x8000b49a                Chr
                0x8000c0ec                ReadSignedLongInteger
                0x8000b518                Itohex
                0x8000af20                GetStructArrayElement
                0x8000b214                UNS_SetByte
                0x8000bd0e                ReverseFindi
                0x8000a3f0                ReadStringArray
                0x8000c49a                GetIntArrayElementPtr
                0x8000bb4a                Lower
                0x8000b900                RotateLeft
                0x8000ccb2                ResizeIfAutogrow
                0x8000a720                CheckInputArray
                0x80007d02                ResizeStringArray
                0x8000b42c                Atosl
                0x8000b254                High
                0x8000b8b0                Rnd
                0x8000b7d2                UMod
                0x8000b956                RotateLeftLong
                0x8000cdde                FindNumericChar
                0x8000c8e2                CheckIOArrayBounds2
                0x8000bf28                MakeProgramFilename
                0x8000b726                SMin
                0x8000ba7e                Left
                0x8000b9c0                CheckBufferThreshold
                0x8000c0a4                ReadSignedInteger
                0x8000b27e                LowWord
                0x80007794                Bit
                0x8000c054                ReadLongInteger
                0x8000b092                Byte
                0x8000c592                GetLongArrayElementPtr
                0x8000bce0                ReverseFind
                0x8000bf3e                GetSeries
                0x8000ceaa                InitTcpServer
                0x8000bb32                Len
                0x8000c9b2                InitializeRampInfoInternal
                0x8000b64c                Divide
                0x8000b398                Atol
                0x8000bf34                GetModelNumber
                0x8000c87a                CheckIOArrayBounds
                0x8000a77a                CheckStringInputArray
                0x8000c35c                WriteSignedLongIntegerArray
                0x8000ae6a                GetStringArrayElement
                0x8000b5a4                Ltohex
                0x8000b4d0                Itoa
                0x8000b92a                RotateRight
                0x800094ca                InternalReverseFind
                0x8000c034                WriteLongInteger
                0x8000a99e                InitDynamicStringStruct
                0x8000a890                SetStringArray
                0x80009d26                ReadSignedIntegerArray
                0x8000a7d4                SetOutputArray
                0x8000bfe4                WriteInteger
                0x8000adfe                InitStructDynamicArray
                0x80009754                SetString
                0x8000b84a                Random
                0x8000c07c                WriteSignedInteger
                0x800079f8                Find
                0x8000bf48                GetProgramNumber
                0x8000bc1e                Mid
                0x8000ce1c                InitTcpClient
                0x800088e6                ResizeStructArray
                0x8000c782                GetSignedLongArrayElementPtr
                0x8000cba4                hextol
                0x8000a16a                ReadString
                0x8000ab30                InitDynamicStringArray
                0x8000cc8a                UpperChar
                0x8000b328                Atosi
                0x8000c00c                ReadInteger
                0x8000b6be                Muldiv
                0x8000a842                SetStringOutputArray
                0x8000c420                WriteString
                0x8000835a                ResizeIntegerArray
                0x8000a6e8                InitInOutArray
                0x8000ad3e                InitNvramStringArray
                0x8000b5e8                Abs
                0x8000b78e                SDivide
                0x800098e4                ReadIntegerArray
                0x800078a4                CompareStrings
                0x8000cc62                LowerChar
                0x8000cf3a                InitUdpSocket
                0x8000b9a8                ClearBuffer
                0x8000bdf6                Upper
                0x8000adda                InitStructArray
                0x8000becc                MakeLower
                0x8000bfac                IsVolume
                0x80009336                RemoveByLength
                0x8000b02a                CheckStringOutputArrayIndex
                0x8000c1d6                WriteLongIntegerArray
                0x8000ca5e                InitRampInfoStructArray
                0x8000b270                HighWord
                0x80007b6c                ResizeString
                0x8000bf52                IsDirectory
                0x80009b04                ReadLongIntegerArray
                0x8000b262                Low
                0x80008d10                Gather
                0x8000befa                MakeUpper
                0x8000a960                InitStringStruct
                0x8000c94a                CheckStringArrayBounds
                0x8000b690                CheckDenominator
                0x8000cb66                hextoi
                0x8000a288                WriteStringArray
                0x8000b152                SetByte
                0x8000ca08                InitializeRampInfo
                0x8000cda4                UnLockInputSema
                0x8000c0cc                WriteSignedLongInteger
                0x8000aa52                InitNvramStringStruct
 *fill*         0x8000cfca        0x6
                0x8000cfd0                .=ALIGN(0x10)
 *(.eh_frame)
                0x8000cfd0                .=ALIGN(0x10)
 *(.gnu.linkonce.t.*)
                0x8000cfd0                .=ALIGN(0x4)
                0x8000cfd0                __CTOR_LIST__=.
                0x8000cfd0                ___CTOR_LIST__=.
                0x8000cfd0        0x4 LONG 0x0 (((__CTOR_END__-__CTOR_LIST__)/0x4)-0x2)
 *(.ctors)
                0x8000cfd4        0x4 LONG 0x0
                0x8000cfd8                __CTOR_END__=.
                0x8000cfd8                __DTOR_LIST__=.
                0x8000cfd8                ___DTOR_LIST__=.
                0x8000cfd8        0x4 LONG 0x0 (((__DTOR_END__-__DTOR_LIST__)/0x4)-0x2)
 *(.dtors)
                0x8000cfdc        0x4 LONG 0x0
                0x8000cfe0                __DTOR_END__=.
 *(.rodata)
 .rodata        0x8000cfe0      0x9e4 S2_NEC_MultiSync_BYUv1.o
 .rodata        0x8000d9c4      0xc54 library.o
 *(.gcc_except_table)
                0x8000e618                .=ALIGN(0x2)
                0x8000e618                __INIT_SECTION__=.
                0x8000e618        0x4 LONG 0x4e560000
 *(.init)
                0x8000e61c        0x2 SHORT 0x4e5e
                0x8000e61e        0x2 SHORT 0x4e75
                0x8000e620                __FINI_SECTION__=.
                0x8000e620        0x4 LONG 0x4e560000
 *(.fini)
                0x8000e624        0x2 SHORT 0x4e5e
                0x8000e626        0x2 SHORT 0x4e75
 *(.lit)
 *fill*         0x8000e628        0x8
                0x8000e630                .=ALIGN(0x10)
                0x8000e630                _etext=.
                0x8000e630                etext=.

.data           0x8000e630        0x0
                0x8000e630                copy_start=.
 *(.shdata)
 *(.data)
 *(.gnu.linkonce.d.*)
                0x8000e630                .=ALIGN(0x10)
                0x8000e630                _edata=.
                0x8000e630                copy_end=.

.got
 *(.got.plt)
 *(.got)

EntryList       0x8000e630      0x110
 *(EntryList)
 EntryList      0x8000e630      0x110 S2_NEC_MultiSync_BYUv1.o
                0x8000e630                S2_NEC_MultiSync_BYUv1_Entry
                0x8000e740                .=ALIGN(0x4)

FunctionList    0x8000e740        0x4
 *(FunctionList)
 FunctionList   0x8000e740        0x4 globals.o
                0x8000e740                g_pFunctions
                0x8000e744                .=ALIGN(0x4)

.bss            0x8000e744        0x0
                0x8000e744                .=ALIGN(0x4)
                0x8000e744                __bss_start=.
 *(.shbss)
 *(.bss)
 *(COMMON)
                0x8000e748                _end=ALIGN(0x8)
                0x8000e748                __end=_end

.stab
 *(.stab)

.stabstr
 *(.stabstr)

.debug
 *(.debug)

.line
 *(.line)

.debug_srcinfo
 *(.debug_srcinfo)

.debug_sfnames
 *(.debug_sfnames)

.debug_aranges
 *(.debug_aranges)

.debug_pubnames
 *(.debug_pubnames)

.debug_info
 *(.debug_info)

.debug_abbrev
 *(.debug_abbrev)

.debug_line
 *(.debug_line)

.debug_frame
 *(.debug_frame)

.debug_str
 *(.debug_str)

.debug_loc
 *(.debug_loc)

.debug_macinfo
 *(.debug_macinfo)

.debug_weaknames
 *(.debug_weaknames)

.debug_funcnames
 *(.debug_funcnames)

.debug_typenames
 *(.debug_typenames)

.debug_varnames
 *(.debug_varnames)
LOAD S2_NEC_MultiSync_BYUv1.o
LOAD globals.o
LOAD library.o
OUTPUT(S2_NEC_MultiSync_BYUv1.elf elf32-m68k)

.comment        0x8000e744       0x72
 .comment       0x8000e744       0x26 S2_NEC_MultiSync_BYUv1.o
 .comment       0x8000e76a       0x26 globals.o
 .comment       0x8000e790       0x26 library.o
