
Memory Configuration

Name             Origin             Length             Attributes
ram              0x80000000         0x00500000         xrw
*default*        0x00000000         0xffffffff

Linker script and memory map

                0x00000000                __DYNAMIC=0x0
                0x00400000                PROVIDE (__stack, 0x400000)
                0x00000000                PROVIDE (hardware_init_hook, 0x0)
                0x00000000                PROVIDE (_hardware_init_hook, 0x0)
                0x00000000                PROVIDE (software_init_hook, 0x0)
                0x00000000                PROVIDE (_software_init_hook, 0x0)

.text           0x80000000     0xf2b0
 *(.text)
 .text          0x80000000     0x82da S2_NEC_MultiSync_BYUv1.o
                0x800053ee                S2_NEC_MultiSync_BYUv1EventHandler00025
                0x800075e2                S2_NEC_MultiSync_BYUv1EventHandler0000D
                0x80006702                S2_NEC_MultiSync_BYUv1_main
                0x80003192                S2_NEC_MultiSync_BYUv1EventHandler00001
                0x80007c90                S2_NEC_MultiSync_BYUv1EventHandler00018
                0x80002e28                S2_NEC_MultiSync_BYUv1EventHandler00000
                0x80007e0c                S2_NEC_MultiSync_BYUv1EventHandler0001A
                0x80005952                S2_NEC_MultiSync_BYUv1EventHandler00026
                0x800071c4                S2_NEC_MultiSync_BYUv1EventHandler00008
                0x80006eb2                S2_NEC_MultiSync_BYUv1EventHandler00003
                0x800065a4                S2_NEC_MultiSync_BYUv1_EventHandler
                0x800072b6                S2_NEC_MultiSync_BYUv1EventHandler00009
                0x80006a5e                S2_NEC_MultiSync_BYUv1SENDWAIT1
                0x80007a56                S2_NEC_MultiSync_BYUv1EventHandler00015
                0x80003a50                S2_NEC_MultiSync_BYUv1EventHandler0000F
                0x80008104                S2_NEC_MultiSync_BYUv1EventHandler0001E
                0x80004776                S2_NEC_MultiSync_BYUv1EventHandler00022
                0x80006c90                S2_NEC_MultiSync_BYUv1__SPLS_TMPVAR__WAITLABEL_1__
                0x80007998                S2_NEC_MultiSync_BYUv1EventHandler00014
                0x80003470                S2_NEC_MultiSync_BYUv1EventHandler00005
                0x80003d72                S2_NEC_MultiSync_BYUv1EventHandler00020
                0x80007eca                S2_NEC_MultiSync_BYUv1EventHandler0001B
                0x80007048                S2_NEC_MultiSync_BYUv1EventHandler00006
                0x8000781c                S2_NEC_MultiSync_BYUv1EventHandler00012
                0x80007b14                S2_NEC_MultiSync_BYUv1EventHandler00016
                0x80005d88                S2_NEC_MultiSync_BYUv1EventHandler00027
                0x80007524                S2_NEC_MultiSync_BYUv1EventHandler0000C
                0x800073a8                S2_NEC_MultiSync_BYUv1EventHandler0000A
                0x80007bd2                S2_NEC_MultiSync_BYUv1EventHandler00017
                0x80006df4                S2_NEC_MultiSync_BYUv1EventHandler00002
                0x80007106                S2_NEC_MultiSync_BYUv1EventHandler00007
                0x80003764                S2_NEC_MultiSync_BYUv1EventHandler0000E
                0x800076a0                S2_NEC_MultiSync_BYUv1EventHandler00010
                0x80006bde                S2_NEC_MultiSync_BYUv1__SPLS_TMPVAR__WAITLABEL_0__
                0x80007f88                S2_NEC_MultiSync_BYUv1EventHandler0001C
                0x80007466                S2_NEC_MultiSync_BYUv1EventHandler0000B
                0x80006b1e                S2_NEC_MultiSync_BYUv1SENDWAIT2
                0x800081c2                S2_NEC_MultiSync_BYUv1EventHandler0001F
                0x80007d4e                S2_NEC_MultiSync_BYUv1EventHandler00019
                0x80008046                S2_NEC_MultiSync_BYUv1EventHandler0001D
                0x80008280                S2_NEC_MultiSync_BYUv1EventHandler00024
                0x800045e4                S2_NEC_MultiSync_BYUv1EventHandler00021
                0x80005118                S2_NEC_MultiSync_BYUv1EventHandler00023
                0x800078da                S2_NEC_MultiSync_BYUv1EventHandler00013
                0x8000775e                S2_NEC_MultiSync_BYUv1EventHandler00011
                0x80000310                S2_NEC_MultiSync_BYUv1SENDWAIT3
                0x80006d42                S2_NEC_MultiSync_BYUv1__SPLS_TMPVAR__WAITLABEL_2__
                0x80006f70                S2_NEC_MultiSync_BYUv1EventHandler00004
 *fill*         0x800082da        0x2
 .text          0x800082dc     0x5836 library.o
                0x8000c4c8                RotateRightLong
                0x8000cad6                IsSystem
                0x8000c42c                Seed
                0x80009d24                Remove
                0x8000c0a8                Ltoa
                0x8000bdd4                Atoi
                0x8000b13c                InitRampInfoArray
                0x8000c882                Right
                0x8000d8b2                LockInputSema
                0x8000c356                Mod
                0x8000c53e                Getc
                0x8000c28a                SMuldiv
                0x8000cab8                IsHidden
                0x8000c16e                Min
                0x8000d6c6                hextosi
                0x8000cc5c                WriteIntegerArray
                0x8000d1d2                GetSignedIntArrayElementPtr
                0x8000baf6                CheckStructArray
                0x8000d6da                hextosl
                0x8000cde2                WriteSignedIntegerArray
                0x8000b7be                InitStringParamArray
                0x8000aa90                ReadSignedLongIntegerArray
                0x800099b2                GatherToDelimiter
                0x8000b5e2                InitStringArray
                0x8000c148                Max
                0x8000cb12                IsReadOnly
                0x8000c252                SMax
                0x80009b56                GatherByLength
                0x8000bfe2                Chr
                0x8000cc34                ReadSignedLongInteger
                0x8000c060                Itohex
                0x8000ba68                GetStructArrayElement
                0x8000bd5c                UNS_SetByte
                0x8000c856                ReverseFindi
                0x8000af38                ReadStringArray
                0x8000cfe2                GetIntArrayElementPtr
                0x8000c692                Lower
                0x8000c448                RotateLeft
                0x8000d7fa                ResizeIfAutogrow
                0x8000b268                CheckInputArray
                0x8000884a                ResizeStringArray
                0x8000bf74                Atosl
                0x8000bd9c                High
                0x8000c3f8                Rnd
                0x8000c31a                UMod
                0x8000c49e                RotateLeftLong
                0x8000d926                FindNumericChar
                0x8000d42a                CheckIOArrayBounds2
                0x8000ca70                MakeProgramFilename
                0x8000c26e                SMin
                0x8000c5c6                Left
                0x8000c508                CheckBufferThreshold
                0x8000cbec                ReadSignedInteger
                0x8000bdc6                LowWord
                0x800082dc                Bit
                0x8000cb9c                ReadLongInteger
                0x8000bbda                Byte
                0x8000d0da                GetLongArrayElementPtr
                0x8000c828                ReverseFind
                0x8000ca86                GetSeries
                0x8000d9f2                InitTcpServer
                0x8000c67a                Len
                0x8000d4fa                InitializeRampInfoInternal
                0x8000c194                Divide
                0x8000bee0                Atol
                0x8000ca7c                GetModelNumber
                0x8000d3c2                CheckIOArrayBounds
                0x8000b2c2                CheckStringInputArray
                0x8000cea4                WriteSignedLongIntegerArray
                0x8000b9b2                GetStringArrayElement
                0x8000c0ec                Ltohex
                0x8000c018                Itoa
                0x8000c472                RotateRight
                0x8000a012                InternalReverseFind
                0x8000cb7c                WriteLongInteger
                0x8000b4e6                InitDynamicStringStruct
                0x8000b3d8                SetStringArray
                0x8000a86e                ReadSignedIntegerArray
                0x8000b31c                SetOutputArray
                0x8000cb2c                WriteInteger
                0x8000b946                InitStructDynamicArray
                0x8000a29c                SetString
                0x8000c392                Random
                0x8000cbc4                WriteSignedInteger
                0x80008540                Find
                0x8000ca90                GetProgramNumber
                0x8000c766                Mid
                0x8000d964                InitTcpClient
                0x8000942e                ResizeStructArray
                0x8000d2ca                GetSignedLongArrayElementPtr
                0x8000d6ec                hextol
                0x8000acb2                ReadString
                0x8000b678                InitDynamicStringArray
                0x8000d7d2                UpperChar
                0x8000be70                Atosi
                0x8000cb54                ReadInteger
                0x8000c206                Muldiv
                0x8000b38a                SetStringOutputArray
                0x8000cf68                WriteString
                0x80008ea2                ResizeIntegerArray
                0x8000b230                InitInOutArray
                0x8000b886                InitNvramStringArray
                0x8000c130                Abs
                0x8000c2d6                SDivide
                0x8000a42c                ReadIntegerArray
                0x800083ec                CompareStrings
                0x8000d7aa                LowerChar
                0x8000da82                InitUdpSocket
                0x8000c4f0                ClearBuffer
                0x8000c93e                Upper
                0x8000b922                InitStructArray
                0x8000ca14                MakeLower
                0x8000caf4                IsVolume
                0x80009e7e                RemoveByLength
                0x8000bb72                CheckStringOutputArrayIndex
                0x8000cd1e                WriteLongIntegerArray
                0x8000d5a6                InitRampInfoStructArray
                0x8000bdb8                HighWord
                0x800086b4                ResizeString
                0x8000ca9a                IsDirectory
                0x8000a64c                ReadLongIntegerArray
                0x8000bdaa                Low
                0x80009858                Gather
                0x8000ca42                MakeUpper
                0x8000b4a8                InitStringStruct
                0x8000d492                CheckStringArrayBounds
                0x8000c1d8                CheckDenominator
                0x8000d6ae                hextoi
                0x8000add0                WriteStringArray
                0x8000bc9a                SetByte
                0x8000d550                InitializeRampInfo
                0x8000d8ec                UnLockInputSema
                0x8000cc14                WriteSignedLongInteger
                0x8000b59a                InitNvramStringStruct
 *fill*         0x8000db12        0xe
                0x8000db20                .=ALIGN(0x10)
 *(.eh_frame)
                0x8000db20                .=ALIGN(0x10)
 *(.gnu.linkonce.t.*)
                0x8000db20                .=ALIGN(0x4)
                0x8000db20                __CTOR_LIST__=.
                0x8000db20                ___CTOR_LIST__=.
                0x8000db20        0x4 LONG 0x0 (((__CTOR_END__-__CTOR_LIST__)/0x4)-0x2)
 *(.ctors)
                0x8000db24        0x4 LONG 0x0
                0x8000db28                __CTOR_END__=.
                0x8000db28                __DTOR_LIST__=.
                0x8000db28                ___DTOR_LIST__=.
                0x8000db28        0x4 LONG 0x0 (((__DTOR_END__-__DTOR_LIST__)/0x4)-0x2)
 *(.dtors)
                0x8000db2c        0x4 LONG 0x0
                0x8000db30                __DTOR_END__=.
 *(.rodata)
 .rodata        0x8000db30      0xb17 S2_NEC_MultiSync_BYUv1.o
 .rodata        0x8000e647      0xc54 library.o
 *(.gcc_except_table)
 *fill*         0x8000f29b        0x1
                0x8000f29c                .=ALIGN(0x2)
                0x8000f29c                __INIT_SECTION__=.
                0x8000f29c        0x4 LONG 0x4e560000
 *(.init)
                0x8000f2a0        0x2 SHORT 0x4e5e
                0x8000f2a2        0x2 SHORT 0x4e75
                0x8000f2a4                __FINI_SECTION__=.
                0x8000f2a4        0x4 LONG 0x4e560000
 *(.fini)
                0x8000f2a8        0x2 SHORT 0x4e5e
                0x8000f2aa        0x2 SHORT 0x4e75
 *(.lit)
 *fill*         0x8000f2ac        0x4
                0x8000f2b0                .=ALIGN(0x10)
                0x8000f2b0                _etext=.
                0x8000f2b0                etext=.

.data           0x8000f2b0        0x0
                0x8000f2b0                copy_start=.
 *(.shdata)
 *(.data)
 *(.gnu.linkonce.d.*)
                0x8000f2b0                .=ALIGN(0x10)
                0x8000f2b0                _edata=.
                0x8000f2b0                copy_end=.

.got
 *(.got.plt)
 *(.got)

EntryList       0x8000f2b0      0x110
 *(EntryList)
 EntryList      0x8000f2b0      0x110 S2_NEC_MultiSync_BYUv1.o
                0x8000f2b0                S2_NEC_MultiSync_BYUv1_Entry
                0x8000f3c0                .=ALIGN(0x4)

FunctionList    0x8000f3c0        0x4
 *(FunctionList)
 FunctionList   0x8000f3c0        0x4 globals.o
                0x8000f3c0                g_pFunctions
                0x8000f3c4                .=ALIGN(0x4)

.bss            0x8000f3c4        0x0
                0x8000f3c4                .=ALIGN(0x4)
                0x8000f3c4                __bss_start=.
 *(.shbss)
 *(.bss)
 *(COMMON)
                0x8000f3c8                _end=ALIGN(0x8)
                0x8000f3c8                __end=_end

.stab
 *(.stab)

.stabstr
 *(.stabstr)

.debug
 *(.debug)

.line
 *(.line)

.debug_srcinfo
 *(.debug_srcinfo)

.debug_sfnames
 *(.debug_sfnames)

.debug_aranges
 *(.debug_aranges)

.debug_pubnames
 *(.debug_pubnames)

.debug_info
 *(.debug_info)

.debug_abbrev
 *(.debug_abbrev)

.debug_line
 *(.debug_line)

.debug_frame
 *(.debug_frame)

.debug_str
 *(.debug_str)

.debug_loc
 *(.debug_loc)

.debug_macinfo
 *(.debug_macinfo)

.debug_weaknames
 *(.debug_weaknames)

.debug_funcnames
 *(.debug_funcnames)

.debug_typenames
 *(.debug_typenames)

.debug_varnames
 *(.debug_varnames)
LOAD S2_NEC_MultiSync_BYUv1.o
LOAD globals.o
LOAD library.o
OUTPUT(S2_NEC_MultiSync_BYUv1.elf elf32-m68k)

.comment        0x8000f3c4       0x72
 .comment       0x8000f3c4       0x26 S2_NEC_MultiSync_BYUv1.o
 .comment       0x8000f3ea       0x26 globals.o
 .comment       0x8000f410       0x26 library.o
